// Jest Snapshot v1, https://goo.gl/fbAQLP

exports[`Snapshot Testing 1`] = `
"
    <div id=\\"app\\"><h1>Hello World</h1></div>
  "
`;
